// Jest Snapshot v1, https://goo.gl/fbAQLP

exports[`<JoinGame /> render 1`] = `
<div
  className="w-20.38rem md:w-27.5rem h-32.5rem bg-join-background ring-8 ring-inset ring-black m-5"
>
  <div
    className="flex flex-col"
  >
    <div
      className="mx-auto"
    >
      <button
        className="bg-button-pink w-52 h-24 mt-4 focus:outline-none focus:bg-button-pink-pressed pl-3 pb-2 focus:pl-2 focus:pb-1"
        onClick={[Function]}
        style={
          Object {
            "fontFamily": "goodlife-sans-condensed, sans-serif",
            "fontSize": "2rem",
            "fontStyle": "normal",
            "fontWeight": 400,
          }
        }
      >
        JOIN
      </button>
    </div>
    <div
      className="mx-auto"
    >
      <input
        className="placeholder-gray-500 placeholder-opacity-100 ..."
        onChange={[Function]}
        placeholder="Paste game code"
        value=""
      />
    </div>
  </div>
</div>
`;
