// Jest Snapshot v1, https://goo.gl/fbAQLP

exports[`<Nickname /> render 1`] = `
<div
  className="w-20.38rem md:w-49.81rem h-4.38rem mx-auto flex justify-around bg-green-banner-mobile md:bg-green-banner p-2"
  style={
    Object {
      "fontFamily": "goodlife-sans-condensed, sans-serif",
      "fontSize": "2rem",
      "fontStyle": "normal",
      "fontWeight": 400,
    }
  }
>
  <div
    className="self-center mb-2 ml-6"
    style={
      Object {
        "color": "white",
      }
    }
  >
    <a
      href="/play"
    >
      HOLA
    </a>
  </div>
  <div
    className="ml-2"
  >
    <input
      className=" placeholder-gray-500 placeholder-opacity-100 focus:outline-none bg-transparent"
      onChange={[Function]}
      placeholder="Gabinka?"
      value="Gabinka"
    />
  </div>
</div>
`;
