// Jest Snapshot v1, https://goo.gl/fbAQLP

exports[`<Cards /> render 1`] = `
<div
  className="flex flex-col bg-mexicanBlue w-1/3 p-10 justify-evenly"
>
  <div
    className="bg-mexicanBone  h-28"
  >
    Corn
  </div>
  <div
    className="bg-mexicanBone  h-28"
  >
    Tomate
  </div>
  <div
    className="bg-mexicanBone  h-28"
  >
    Chile
  </div>
</div>
`;
